summary_id,return_period,loss
1,500.000000,3379600.750000
1,250.000000,3245850.750000
1,100.000000,2494713.250000
1,50.000000,1514705.500000
1,20.000000,664699.937500
1,10.000000,340172.031250
1,5.000000,168299.984375
1,2.000000,0.000000
