summary_id,return_period,loss
1,500.000000,590326.187500
1,250.000000,555334.000000
1,100.000000,379964.125000
1,50.000000,145969.640625
1,20.000000,0.000000
1,10.000000,0.000000
1,5.000000,0.000000
1,2.000000,0.000000
