summary_id,type,mean,standard_deviation,exposure_value
1,1,7630.290090,58772.727833,618000.000000
1,2,7778.103739,57383.990199,618000.000000
