summary_id,return_period,loss
1,500.000000,608036.062500
1,250.000000,572896.375000
1,100.000000,395006.718750
1,50.000000,150030.000000
1,20.000000,0.000000
1,10.000000,0.000000
1,5.000000,0.000000
1,2.000000,0.000000
