summary_id,return_period,loss
1,500.000000,3239572.500000
1,250.000000,3056084.000000
1,100.000000,2381768.500000
1,50.000000,1501100.000000
1,20.000000,571046.875000
1,10.000000,302484.156250
1,5.000000,168299.984375
1,2.000000,0.000000
