summary_id,return_period,loss
1,500.000000,606949.687500
1,250.000000,570780.000000
1,100.000000,393491.843750
1,50.000000,150030.000000
1,20.000000,0.000000
1,10.000000,0.000000
1,5.000000,0.000000
1,2.000000,0.000000
