summary_id,type,mean,standard_deviation,exposure_value
1,1,7423.804539,57182.296554,550383.562500
1,2,7566.279432,55834.731178,550383.562500
