summary_id,return_period,loss
1,500.000000,591402.812500
1,250.000000,557188.750000
1,100.000000,383211.937500
1,50.000000,145969.640625
1,20.000000,0.000000
1,10.000000,0.000000
1,5.000000,0.000000
1,2.000000,0.000000
